This is pdfTeX, Version 3.141592653-2.6-1.40.27 (TeX Live 2025) (preloaded format=pdflatex)
 restricted \write18 enabled.
entering extended mode
(./main.tex
LaTeX2e <2024-11-01> patch level 2
L3 programming layer <2025-01-18>
(./llncs.cls
Document Class: llncs 2024/01/29 v2.24 
 LaTeX document class for Lecture Notes in Computer Science
(/usr/local/texlive/2025/texmf-dist/tex/latex/base/article.cls
Document Class: article 2024/06/29 v1.4n Standard LaTeX document class
(/usr/local/texlive/2025/texmf-dist/tex/latex/base/size10.clo))
(/usr/local/texlive/2025/texmf-dist/tex/latex/tools/multicol.sty)
(/usr/local/texlive/2025/texmf-dist/tex/latex/oberdiek/aliascnt.sty))
(/usr/local/texlive/2025/texmf-dist/tex/latex/base/fontenc.sty)
(/usr/local/texlive/2025/texmf-dist/tex/latex/graphics/graphicx.sty
(/usr/local/texlive/2025/texmf-dist/tex/latex/graphics/keyval.sty)
(/usr/local/texlive/2025/texmf-dist/tex/latex/graphics/graphics.sty
(/usr/local/texlive/2025/texmf-dist/tex/latex/graphics/trig.sty)
(/usr/local/texlive/2025/texmf-dist/tex/latex/graphics-cfg/graphics.cfg)
(/usr/local/texlive/2025/texmf-dist/tex/latex/graphics-def/pdftex.def)))
(/usr/local/texlive/2025/texmf-dist/tex/latex/amsmath/amsmath.sty
For additional information on amsmath, use the `?' option.
(/usr/local/texlive/2025/texmf-dist/tex/latex/amsmath/amstext.sty
(/usr/local/texlive/2025/texmf-dist/tex/latex/amsmath/amsgen.sty))
(/usr/local/texlive/2025/texmf-dist/tex/latex/amsmath/amsbsy.sty)
(/usr/local/texlive/2025/texmf-dist/tex/latex/amsmath/amsopn.sty)

Package amsmath Warning: Unable to redefine math accent \vec.

) (/usr/local/texlive/2025/texmf-dist/tex/latex/amsfonts/amssymb.sty
(/usr/local/texlive/2025/texmf-dist/tex/latex/amsfonts/amsfonts.sty))
(/usr/local/texlive/2025/texmf-dist/tex/latex/float/float.sty)
(/usr/local/texlive/2025/texmf-dist/tex/latex/multirow/multirow.sty)
(/usr/local/texlive/2025/texmf-dist/tex/latex/booktabs/booktabs.sty)
(/usr/local/texlive/2025/texmf-dist/tex/latex/marvosym/marvosym.sty)
(/usr/local/texlive/2025/texmf-dist/tex/latex/ifsym/ifsym.sty
(/usr/local/texlive/2025/texmf-dist/tex/latex/tools/calc.sty))
(/usr/local/texlive/2025/texmf-dist/tex/latex/xcolor/xcolor.sty
(/usr/local/texlive/2025/texmf-dist/tex/latex/graphics-cfg/color.cfg)
(/usr/local/texlive/2025/texmf-dist/tex/latex/graphics/mathcolor.ltx))
(/usr/local/texlive/2025/texmf-dist/tex/latex/colortbl/colortbl.sty
(/usr/local/texlive/2025/texmf-dist/tex/latex/tools/array.sty))
(/usr/local/texlive/2025/texmf-dist/tex/latex/placeins/placeins.sty)
(/usr/local/texlive/2025/texmf-dist/tex/latex/tools/indentfirst.sty)
(/usr/local/texlive/2025/texmf-dist/tex/latex/csquotes/csquotes.sty
(/usr/local/texlive/2025/texmf-dist/tex/latex/etoolbox/etoolbox.sty)
(/usr/local/texlive/2025/texmf-dist/tex/latex/csquotes/csquotes.def)
(/usr/local/texlive/2025/texmf-dist/tex/latex/csquotes/csquotes.cfg))
(/usr/local/texlive/2025/texmf-dist/tex/latex/hyperref/hyperref.sty
(/usr/local/texlive/2025/texmf-dist/tex/generic/iftex/iftex.sty)
(/usr/local/texlive/2025/texmf-dist/tex/latex/kvsetkeys/kvsetkeys.sty)
(/usr/local/texlive/2025/texmf-dist/tex/generic/kvdefinekeys/kvdefinekeys.sty)
(/usr/local/texlive/2025/texmf-dist/tex/generic/pdfescape/pdfescape.sty
(/usr/local/texlive/2025/texmf-dist/tex/generic/ltxcmds/ltxcmds.sty)
(/usr/local/texlive/2025/texmf-dist/tex/generic/pdftexcmds/pdftexcmds.sty
(/usr/local/texlive/2025/texmf-dist/tex/generic/infwarerr/infwarerr.sty)))
(/usr/local/texlive/2025/texmf-dist/tex/latex/hycolor/hycolor.sty)
(/usr/local/texlive/2025/texmf-dist/tex/latex/hyperref/nameref.sty
(/usr/local/texlive/2025/texmf-dist/tex/latex/refcount/refcount.sty)
(/usr/local/texlive/2025/texmf-dist/tex/generic/gettitlestring/gettitlestring.s
ty (/usr/local/texlive/2025/texmf-dist/tex/latex/kvoptions/kvoptions.sty)))
(/usr/local/texlive/2025/texmf-dist/tex/generic/stringenc/stringenc.sty)
(/usr/local/texlive/2025/texmf-dist/tex/latex/hyperref/pd1enc.def)
(/usr/local/texlive/2025/texmf-dist/tex/generic/intcalc/intcalc.sty)
(/usr/local/texlive/2025/texmf-dist/tex/latex/hyperref/puenc.def)
(/usr/local/texlive/2025/texmf-dist/tex/latex/url/url.sty)
(/usr/local/texlive/2025/texmf-dist/tex/generic/bitset/bitset.sty
(/usr/local/texlive/2025/texmf-dist/tex/generic/bigintcalc/bigintcalc.sty))
(/usr/local/texlive/2025/texmf-dist/tex/latex/base/atbegshi-ltx.sty))
(/usr/local/texlive/2025/texmf-dist/tex/latex/hyperref/hpdftex.def
(/usr/local/texlive/2025/texmf-dist/tex/latex/base/atveryend-ltx.sty)
(/usr/local/texlive/2025/texmf-dist/tex/latex/rerunfilecheck/rerunfilecheck.sty

(/usr/local/texlive/2025/texmf-dist/tex/generic/uniquecounter/uniquecounter.sty
)))
(/usr/local/texlive/2025/texmf-dist/tex/latex/l3backend/l3backend-pdftex.def)
(./main.aux)
(/usr/local/texlive/2025/texmf-dist/tex/context/base/mkii/supp-pdf.mkii
[Loading MPS to PDF converter (version 2006.09.02).]
) (/usr/local/texlive/2025/texmf-dist/tex/latex/epstopdf-pkg/epstopdf-base.sty
(/usr/local/texlive/2025/texmf-dist/tex/latex/latexconfig/epstopdf-sys.cfg))
(./main.out) (./main.out)
(/usr/local/texlive/2025/texmf-dist/tex/latex/amsfonts/umsa.fd)
(/usr/local/texlive/2025/texmf-dist/tex/latex/amsfonts/umsb.fd)
(/usr/local/texlive/2025/texmf-dist/tex/latex/marvosym/umvs.fd)
Overfull \hbox (8.1938pt too wide) in paragraph at lines 53--54
[]\T1/cmr/m/n/9 Automated grad-ing of lum-bar in-ter-ver-te-bral disc (IVD) pat
hol-

LaTeX Warning: Citation `nigru2024' on page 1 undefined on input line 61.


LaTeX Warning: Citation `jamaludin2017' on page 1 undefined on input line 61.


LaTeX Warning: Citation `windsor2022' on page 1 undefined on input line 61.


LaTeX Warning: Citation `kaggle2024' on page 1 undefined on input line 61.


LaTeX Warning: Citation `vandergraaf2024spider' on page 1 undefined on input li
ne 61.


[1{/usr/local/texlive/2025/texmf-var/fonts/map/pdftex/updmap/pdftex.map}{/usr/l
ocal/texlive/2025/texmf-dist/fonts/enc/dvips/cm-super/cm-super-t1.enc}{/usr/loc
al/texlive/2025/texmf-dist/fonts/enc/dvips/cm-super/cm-super-ts1.enc}]

LaTeX Warning: Citation `zhang2023biomedclip' on page 2 undefined on input line
 63.


LaTeX Warning: Citation `woo2018cbam' on page 2 undefined on input line 63.


LaTeX Warning: Citation `radford2021clip' on page 2 undefined on input line 63.



LaTeX Warning: Citation `woo2018cbam' on page 2 undefined on input line 66.


LaTeX Warning: Citation `zhang2023biomedclip' on page 2 undefined on input line
 66.


LaTeX Warning: Citation `lin2017focal' on page 2 undefined on input line 68.


[2]

LaTeX Warning: Citation `jamaludin2017' on page 3 undefined on input line 76.


LaTeX Warning: Citation `windsor2022' on page 3 undefined on input line 76.


LaTeX Warning: Citation `hallinan2021' on page 3 undefined on input line 76.


LaTeX Warning: Citation `mcsweeney2023' on page 3 undefined on input line 76.


LaTeX Warning: Citation `nigru2024' on page 3 undefined on input line 76.


LaTeX Warning: Citation `woo2018cbam' on page 3 undefined on input line 78.


LaTeX Warning: Citation `lin2024cbam' on page 3 undefined on input line 78.


LaTeX Warning: Citation `aktan2025' on page 3 undefined on input line 78.


LaTeX Warning: Citation `kaggle2024' on page 3 undefined on input line 78.


LaTeX Warning: Citation `nshen2024' on page 3 undefined on input line 78.


LaTeX Warning: Citation `zhang2023biomedclip' on page 3 undefined on input line
 80.


LaTeX Warning: Citation `radford2021clip' on page 3 undefined on input line 80.



LaTeX Warning: Citation `datascarcity2024' on page 3 undefined on input line 80
.


LaTeX Warning: Citation `lu2024radclip' on page 3 undefined on input line 80.


LaTeX Warning: Citation `le2025lumbarclip' on page 3 undefined on input line 80
.


[3]

LaTeX Warning: Citation `woo2018cbam' on page 4 undefined on input line 114.


[4]

LaTeX Warning: Citation `lin2017focal' on page 5 undefined on input line 157.


[5]

LaTeX Warning: Citation `kaggle2024' on page 6 undefined on input line 174.


LaTeX Warning: Citation `vandergraaf2024spider' on page 6 undefined on input li
ne 174.


LaTeX Warning: Citation `pfirrmann2001' on page 6 undefined on input line 174.


LaTeX Warning: Citation `modic1988' on page 6 undefined on input line 174.


[6 <./figures/hybrid_arch_generic.pdf>]

LaTeX Warning: Citation `windsor2022' on page 7 undefined on input line 207.


Overfull \hbox (9.98366pt too wide) in paragraph at lines 207--208
\T1/cmr/m/n/10 channel-spatial at-ten-tion; \T1/cmr/m/it/10 Multimodal-only\T1/
cmr/m/n/10 , the frozen mul-ti-modal branch (Biomed-

Overfull \hbox (17.50916pt too wide) in paragraph at lines 240--257
 [][] 

[7 <./figures/rsna_class_distribution_en.png> <./figures/spider_class_distribut
ion_en.png>]

LaTeX Warning: Citation `vandergraaf2024spider' on page 8 undefined on input li
ne 263.


[8]
[9]
Overfull \hbox (9.43459pt too wide) in paragraph at lines 301--313
 [][] 

LaTeX Warning: Citation `selvaraju2017gradcam' on page 10 undefined on input li
ne 325.


LaTeX Warning: Citation `nigru2024' on page 10 undefined on input line 325.


[10]

LaTeX Warning: Citation `kaggle2024' on page 11 undefined on input line 339.


LaTeX Warning: Citation `lu2024radclip' on page 11 undefined on input line 344.



[11 <./figures/grad_cam_nocbam_vs_cbam.png>] (./main.bbl
[12]
Underfull \hbox (badness 10000) in paragraph at lines 76--80
[]\T1/cmr/m/n/9 RSNA: RSNA 2024 lum-bar spine de-gen-er-a-tive clas-si-fi-ca-ti
on

Underfull \hbox (badness 10000) in paragraph at lines 76--80
\T1/cmr/m/n/9 com-pe-ti-tion. Kag-gle, [][]$\T1/cmtt/m/n/9 https : / / www . ka
ggle . com / competitions /
)
[13] (./main.aux)

LaTeX Warning: Label(s) may have changed. Rerun to get cross-references right.

 )
(see the transcript file for additional information)</usr/local/texlive/2025/te
xmf-dist/fonts/type1/public/amsfonts/cm/cmex10.pfb></usr/local/texlive/2025/tex
mf-dist/fonts/type1/public/amsfonts/cm/cmmi10.pfb></usr/local/texlive/2025/texm
f-dist/fonts/type1/public/amsfonts/cm/cmmi7.pfb></usr/local/texlive/2025/texmf-
dist/fonts/type1/public/amsfonts/cm/cmmi9.pfb></usr/local/texlive/2025/texmf-di
st/fonts/type1/public/amsfonts/cm/cmr10.pfb></usr/local/texlive/2025/texmf-dist
/fonts/type1/public/amsfonts/cm/cmr6.pfb></usr/local/texlive/2025/texmf-dist/fo
nts/type1/public/amsfonts/cm/cmr7.pfb></usr/local/texlive/2025/texmf-dist/fonts
/type1/public/amsfonts/cm/cmr9.pfb></usr/local/texlive/2025/texmf-dist/fonts/ty
pe1/public/amsfonts/cm/cmsy10.pfb></usr/local/texlive/2025/texmf-dist/fonts/typ
e1/public/amsfonts/cm/cmsy5.pfb></usr/local/texlive/2025/texmf-dist/fonts/type1
/public/amsfonts/cm/cmsy6.pfb></usr/local/texlive/2025/texmf-dist/fonts/type1/p
ublic/amsfonts/cm/cmsy7.pfb></usr/local/texlive/2025/texmf-dist/fonts/type1/pub
lic/amsfonts/cm/cmsy9.pfb></usr/local/texlive/2025/texmf-dist/fonts/type1/publi
c/lm/lmmi5.pfb></usr/local/texlive/2025/texmf-dist/fonts/type1/public/lm/lmmi7.
pfb></usr/local/texlive/2025/texmf-dist/fonts/type1/public/lm/lmr5.pfb></usr/lo
cal/texlive/2025/texmf-dist/fonts/type1/public/lm/lmr7.pfb></usr/local/texlive/
2025/texmf-dist/fonts/type1/public/lm/lmss8.pfb></usr/local/texlive/2025/texmf-
dist/fonts/type1/public/lm/lmss9.pfb></usr/local/texlive/2025/texmf-dist/fonts/
type1/public/lm/lmssbx10.pfb></usr/local/texlive/2025/texmf-dist/fonts/type1/pu
blic/lm/lmsy7.pfb></usr/local/texlive/2025/texmf-dist/fonts/type1/public/lm/lms
y9.pfb></usr/local/texlive/2025/texmf-dist/fonts/type1/public/marvosym/marvosym
.pfb></usr/local/texlive/2025/texmf-dist/fonts/type1/public/amsfonts/symbols/ms
bm10.pfb></usr/local/texlive/2025/texmf-dist/fonts/type1/public/amsfonts/symbol
s/msbm7.pfb></usr/local/texlive/2025/texmf-dist/fonts/type1/public/cm-super/sfb
x0900.pfb></usr/local/texlive/2025/texmf-dist/fonts/type1/public/cm-super/sfbx1
000.pfb></usr/local/texlive/2025/texmf-dist/fonts/type1/public/cm-super/sfbx120
0.pfb></usr/local/texlive/2025/texmf-dist/fonts/type1/public/cm-super/sfbx1440.
pfb></usr/local/texlive/2025/texmf-dist/fonts/type1/public/cm-super/sfrm0700.pf
b></usr/local/texlive/2025/texmf-dist/fonts/type1/public/cm-super/sfrm0900.pfb>
</usr/local/texlive/2025/texmf-dist/fonts/type1/public/cm-super/sfrm1000.pfb></
usr/local/texlive/2025/texmf-dist/fonts/type1/public/cm-super/sfti0900.pfb></us
r/local/texlive/2025/texmf-dist/fonts/type1/public/cm-super/sfti1000.pfb></usr/
local/texlive/2025/texmf-dist/fonts/type1/public/cm-super/sftt0900.pfb>
Output written on main.pdf (13 pages, 1079848 bytes).
Transcript written on main.log.
