This is pdfTeX, Version 3.141592653-2.6-1.40.27 (TeX Live 2025) (preloaded format=pdflatex)
 restricted \write18 enabled.
entering extended mode
(./main.tex
LaTeX2e <2024-11-01> patch level 2
L3 programming layer <2025-01-18>
(./llncs.cls
Document Class: llncs 2024/01/29 v2.24 
 LaTeX document class for Lecture Notes in Computer Science
(/usr/local/texlive/2025/texmf-dist/tex/latex/base/article.cls
Document Class: article 2024/06/29 v1.4n Standard LaTeX document class
(/usr/local/texlive/2025/texmf-dist/tex/latex/base/size10.clo))
(/usr/local/texlive/2025/texmf-dist/tex/latex/tools/multicol.sty)
(/usr/local/texlive/2025/texmf-dist/tex/latex/oberdiek/aliascnt.sty))
(/usr/local/texlive/2025/texmf-dist/tex/latex/base/fontenc.sty)
(/usr/local/texlive/2025/texmf-dist/tex/latex/graphics/graphicx.sty
(/usr/local/texlive/2025/texmf-dist/tex/latex/graphics/keyval.sty)
(/usr/local/texlive/2025/texmf-dist/tex/latex/graphics/graphics.sty
(/usr/local/texlive/2025/texmf-dist/tex/latex/graphics/trig.sty)
(/usr/local/texlive/2025/texmf-dist/tex/latex/graphics-cfg/graphics.cfg)
(/usr/local/texlive/2025/texmf-dist/tex/latex/graphics-def/pdftex.def)))
(/usr/local/texlive/2025/texmf-dist/tex/latex/amsmath/amsmath.sty
For additional information on amsmath, use the `?' option.
(/usr/local/texlive/2025/texmf-dist/tex/latex/amsmath/amstext.sty
(/usr/local/texlive/2025/texmf-dist/tex/latex/amsmath/amsgen.sty))
(/usr/local/texlive/2025/texmf-dist/tex/latex/amsmath/amsbsy.sty)
(/usr/local/texlive/2025/texmf-dist/tex/latex/amsmath/amsopn.sty)

Package amsmath Warning: Unable to redefine math accent \vec.

) (/usr/local/texlive/2025/texmf-dist/tex/latex/amsfonts/amssymb.sty
(/usr/local/texlive/2025/texmf-dist/tex/latex/amsfonts/amsfonts.sty))
(/usr/local/texlive/2025/texmf-dist/tex/latex/float/float.sty)
(/usr/local/texlive/2025/texmf-dist/tex/latex/multirow/multirow.sty)
(/usr/local/texlive/2025/texmf-dist/tex/latex/booktabs/booktabs.sty)
(/usr/local/texlive/2025/texmf-dist/tex/latex/marvosym/marvosym.sty)
(/usr/local/texlive/2025/texmf-dist/tex/latex/ifsym/ifsym.sty
(/usr/local/texlive/2025/texmf-dist/tex/latex/tools/calc.sty))
(/usr/local/texlive/2025/texmf-dist/tex/latex/xcolor/xcolor.sty
(/usr/local/texlive/2025/texmf-dist/tex/latex/graphics-cfg/color.cfg)
(/usr/local/texlive/2025/texmf-dist/tex/latex/graphics/mathcolor.ltx))
(/usr/local/texlive/2025/texmf-dist/tex/latex/colortbl/colortbl.sty
(/usr/local/texlive/2025/texmf-dist/tex/latex/tools/array.sty))
(/usr/local/texlive/2025/texmf-dist/tex/latex/placeins/placeins.sty)
(/usr/local/texlive/2025/texmf-dist/tex/latex/tools/indentfirst.sty)
(/usr/local/texlive/2025/texmf-dist/tex/latex/csquotes/csquotes.sty
(/usr/local/texlive/2025/texmf-dist/tex/latex/etoolbox/etoolbox.sty)
(/usr/local/texlive/2025/texmf-dist/tex/latex/csquotes/csquotes.def)
(/usr/local/texlive/2025/texmf-dist/tex/latex/csquotes/csquotes.cfg))
(/usr/local/texlive/2025/texmf-dist/tex/latex/hyperref/hyperref.sty
(/usr/local/texlive/2025/texmf-dist/tex/generic/iftex/iftex.sty)
(/usr/local/texlive/2025/texmf-dist/tex/latex/kvsetkeys/kvsetkeys.sty)
(/usr/local/texlive/2025/texmf-dist/tex/generic/kvdefinekeys/kvdefinekeys.sty)
(/usr/local/texlive/2025/texmf-dist/tex/generic/pdfescape/pdfescape.sty
(/usr/local/texlive/2025/texmf-dist/tex/generic/ltxcmds/ltxcmds.sty)
(/usr/local/texlive/2025/texmf-dist/tex/generic/pdftexcmds/pdftexcmds.sty
(/usr/local/texlive/2025/texmf-dist/tex/generic/infwarerr/infwarerr.sty)))
(/usr/local/texlive/2025/texmf-dist/tex/latex/hycolor/hycolor.sty)
(/usr/local/texlive/2025/texmf-dist/tex/latex/hyperref/nameref.sty
(/usr/local/texlive/2025/texmf-dist/tex/latex/refcount/refcount.sty)
(/usr/local/texlive/2025/texmf-dist/tex/generic/gettitlestring/gettitlestring.s
ty (/usr/local/texlive/2025/texmf-dist/tex/latex/kvoptions/kvoptions.sty)))
(/usr/local/texlive/2025/texmf-dist/tex/generic/stringenc/stringenc.sty)
(/usr/local/texlive/2025/texmf-dist/tex/latex/hyperref/pd1enc.def)
(/usr/local/texlive/2025/texmf-dist/tex/generic/intcalc/intcalc.sty)
(/usr/local/texlive/2025/texmf-dist/tex/latex/hyperref/puenc.def)
(/usr/local/texlive/2025/texmf-dist/tex/latex/url/url.sty)
(/usr/local/texlive/2025/texmf-dist/tex/generic/bitset/bitset.sty
(/usr/local/texlive/2025/texmf-dist/tex/generic/bigintcalc/bigintcalc.sty))
(/usr/local/texlive/2025/texmf-dist/tex/latex/base/atbegshi-ltx.sty))
(/usr/local/texlive/2025/texmf-dist/tex/latex/hyperref/hpdftex.def
(/usr/local/texlive/2025/texmf-dist/tex/latex/base/atveryend-ltx.sty)
(/usr/local/texlive/2025/texmf-dist/tex/latex/rerunfilecheck/rerunfilecheck.sty

(/usr/local/texlive/2025/texmf-dist/tex/generic/uniquecounter/uniquecounter.sty
)))
(/usr/local/texlive/2025/texmf-dist/tex/latex/l3backend/l3backend-pdftex.def)
(./main.aux)
(/usr/local/texlive/2025/texmf-dist/tex/context/base/mkii/supp-pdf.mkii
[Loading MPS to PDF converter (version 2006.09.02).]
) (/usr/local/texlive/2025/texmf-dist/tex/latex/epstopdf-pkg/epstopdf-base.sty
(/usr/local/texlive/2025/texmf-dist/tex/latex/latexconfig/epstopdf-sys.cfg))
(./main.out) (./main.out)
(/usr/local/texlive/2025/texmf-dist/tex/latex/amsfonts/umsa.fd)
(/usr/local/texlive/2025/texmf-dist/tex/latex/amsfonts/umsb.fd)
(/usr/local/texlive/2025/texmf-dist/tex/latex/marvosym/umvs.fd)
Overfull \hbox (8.1938pt too wide) in paragraph at lines 60--61
[]\T1/cmr/m/n/9 Automated grad-ing of lum-bar in-ter-ver-te-bral disc (IVD) pat
hol-

[1{/usr/local/texlive/2025/texmf-var/fonts/map/pdftex/updmap/pdftex.map}{/usr/l
ocal/texlive/2025/texmf-dist/fonts/enc/dvips/cm-super/cm-super-t1.enc}{/usr/loc
al/texlive/2025/texmf-dist/fonts/enc/dvips/cm-super/cm-super-ts1.enc}]
[2]
[3]
Underfull \hbox (badness 10000) in paragraph at lines 94--94
[]|\T1/cmr/bx/n/9 How la-bels are

Underfull \hbox (badness 1028) in paragraph at lines 94--95
[]|\T1/cmr/bx/n/9 New la-bel set

Underfull \hbox (badness 10000) in paragraph at lines 94--95
\T1/cmr/bx/n/9 with-out re-

Underfull \hbox (badness 10000) in paragraph at lines 96--96
[]|\T1/cmr/m/n/9 Fixed heads, disc-

Underfull \hbox (badness 10000) in paragraph at lines 97--97
[]|\T1/cmr/m/n/9 Disc vol-ume,

Underfull \hbox (badness 10000) in paragraph at lines 97--97
[]|\T1/cmr/m/n/9 Fixed heads, eight

Underfull \hbox (badness 10000) in paragraph at lines 98--98
[]|\T1/cmr/m/n/9 Fixed heads, one

Underfull \hbox (badness 10000) in paragraph at lines 100--100
[]|\T1/cmr/m/n/9 Cosine to text,

Underfull \hbox (badness 10000) in paragraph at lines 102--102
[]|\T1/cmr/m/n/9 Disc vol-ume,

Underfull \vbox (badness 4353) has occurred while \output is active
[4]
[5]
[6]
Underfull \vbox (badness 1810) has occurred while \output is active
[7 <./figures/hybrid_arch_generic.pdf>]
Overfull \hbox (17.50916pt too wide) in paragraph at lines 259--276
 [][] 

[8]
[9 <./figures/rsna_class_distribution_en.png> <./figures/spider_class_distribut
ion_en.png>]
[10]
Overfull \hbox (9.43459pt too wide) in paragraph at lines 320--332
 [][] 

[11]
[12 <./figures/grad_cam_nocbam_vs_cbam.png>] (./main.bbl
[13]
Underfull \hbox (badness 10000) in paragraph at lines 88--92
[]\T1/cmr/m/n/9 RSNA: RSNA 2024 lum-bar spine de-gen-er-a-tive clas-si-fi-ca-ti
on

Underfull \hbox (badness 10000) in paragraph at lines 88--92
\T1/cmr/m/n/9 com-pe-ti-tion. Kag-gle, [][]$\T1/cmtt/m/n/9 https : / / www . ka
ggle . com / competitions /

[14])
[15] (./main.aux) )
(see the transcript file for additional information)</usr/local/texlive/2025/te
xmf-dist/fonts/type1/public/amsfonts/cm/cmex10.pfb></usr/local/texlive/2025/tex
mf-dist/fonts/type1/public/amsfonts/cm/cmmi10.pfb></usr/local/texlive/2025/texm
f-dist/fonts/type1/public/amsfonts/cm/cmmi5.pfb></usr/local/texlive/2025/texmf-
dist/fonts/type1/public/amsfonts/cm/cmmi7.pfb></usr/local/texlive/2025/texmf-di
st/fonts/type1/public/amsfonts/cm/cmmi9.pfb></usr/local/texlive/2025/texmf-dist
/fonts/type1/public/amsfonts/cm/cmr10.pfb></usr/local/texlive/2025/texmf-dist/f
onts/type1/public/amsfonts/cm/cmr6.pfb></usr/local/texlive/2025/texmf-dist/font
s/type1/public/amsfonts/cm/cmr7.pfb></usr/local/texlive/2025/texmf-dist/fonts/t
ype1/public/amsfonts/cm/cmr9.pfb></usr/local/texlive/2025/texmf-dist/fonts/type
1/public/amsfonts/cm/cmsy10.pfb></usr/local/texlive/2025/texmf-dist/fonts/type1
/public/amsfonts/cm/cmsy5.pfb></usr/local/texlive/2025/texmf-dist/fonts/type1/p
ublic/amsfonts/cm/cmsy6.pfb></usr/local/texlive/2025/texmf-dist/fonts/type1/pub
lic/amsfonts/cm/cmsy7.pfb></usr/local/texlive/2025/texmf-dist/fonts/type1/publi
c/amsfonts/cm/cmsy9.pfb></usr/local/texlive/2025/texmf-dist/fonts/type1/public/
lm/lmmi5.pfb></usr/local/texlive/2025/texmf-dist/fonts/type1/public/lm/lmmi7.pf
b></usr/local/texlive/2025/texmf-dist/fonts/type1/public/lm/lmr5.pfb></usr/loca
l/texlive/2025/texmf-dist/fonts/type1/public/lm/lmr7.pfb></usr/local/texlive/20
25/texmf-dist/fonts/type1/public/lm/lmss8.pfb></usr/local/texlive/2025/texmf-di
st/fonts/type1/public/lm/lmss9.pfb></usr/local/texlive/2025/texmf-dist/fonts/ty
pe1/public/lm/lmssbx10.pfb></usr/local/texlive/2025/texmf-dist/fonts/type1/publ
ic/lm/lmsy7.pfb></usr/local/texlive/2025/texmf-dist/fonts/type1/public/lm/lmsy9
.pfb></usr/local/texlive/2025/texmf-dist/fonts/type1/public/marvosym/marvosym.p
fb></usr/local/texlive/2025/texmf-dist/fonts/type1/public/amsfonts/symbols/msbm
10.pfb></usr/local/texlive/2025/texmf-dist/fonts/type1/public/amsfonts/symbols/
msbm7.pfb></usr/local/texlive/2025/texmf-dist/fonts/type1/public/cm-super/sfbx0
900.pfb></usr/local/texlive/2025/texmf-dist/fonts/type1/public/cm-super/sfbx100
0.pfb></usr/local/texlive/2025/texmf-dist/fonts/type1/public/cm-super/sfbx1200.
pfb></usr/local/texlive/2025/texmf-dist/fonts/type1/public/cm-super/sfbx1440.pf
b></usr/local/texlive/2025/texmf-dist/fonts/type1/public/cm-super/sfrm0700.pfb>
</usr/local/texlive/2025/texmf-dist/fonts/type1/public/cm-super/sfrm0900.pfb></
usr/local/texlive/2025/texmf-dist/fonts/type1/public/cm-super/sfrm1000.pfb></us
r/local/texlive/2025/texmf-dist/fonts/type1/public/cm-super/sfti0900.pfb></usr/
local/texlive/2025/texmf-dist/fonts/type1/public/cm-super/sfti1000.pfb></usr/lo
cal/texlive/2025/texmf-dist/fonts/type1/public/cm-super/sftt0900.pfb>
Output written on main.pdf (15 pages, 1095732 bytes).
Transcript written on main.log.
